// Vitest Snapshot v1, https://vitest.dev/guide/snapshot.html

exports[`Tests App component > matches snapshot 1`] = `
<div>
  <main
    class="text-primary bg-bg"
    id="app"
  >
    etstowanie
  </main>
</div>
`;
