// Vitest Snapshot v1, https://vitest.dev/guide/snapshot.html

exports[`Tests App component > matches snapshot 1`] = `
<div>
  <main
    class="text-primary bg-bg"
    id="app"
  >
    <nav
      class="w-full h-16 bg-secondary flex justify-center align-center gap-10 fixed top-0"
    >
      <img
        alt="Bartosz TobiÅ„ski's logo"
        class="h-12 hidden md:flex"
        src="https://i.imgur.com/7oPtzQz.png"
      />
      <button
        aria-label="Go to home page"
        class="transition duration-150 hover:text-contrast"
        title="Go to home page"
      >
        home
      </button>
      <button
        aria-label="Go to about page"
        class="transition duration-150 hover:text-contrast"
        title="Go to about page"
      >
        about
      </button>
      <button
        aria-label="Go to contact page"
        class="transition duration-150 hover:text-contrast"
        title="Go to contact page"
      >
        contact
      </button>
      <button
        aria-label="Go to resume page"
        class="transition duration-150 hover:text-contrast"
        title="Go to resume page"
      >
        resume
      </button>
    </nav>
    <section
      class="h-screen w-full mt-16"
    >
      <div>
        Home
      </div>
    </section>
    <section
      class="h-screen w-full mt-16"
    >
      <div>
        About
      </div>
    </section>
    <section
      class="h-screen w-full mt-16"
    >
      <div>
        Contact
      </div>
    </section>
  </main>
</div>
`;
